Starting a Gradle Daemon, 1 stopped Daemon could not be reused, use --status for details
> Task :compileJava UP-TO-DATE
> Task :processResources
> Task :classes
> Task :resolveMainClassName UP-TO-DATE

> Task :bootRun

  .   ____          _            __ _ _
 /\\ / ___'_ __ _ _(_)_ __  __ _ \ \ \ \
( ( )\___ | '_ | '_| | '_ \/ _` | \ \ \ \
 \\/  ___)| |_)| | | | | || (_| |  ) ) ) )
  '  |____| .__|_| |_|_| |_\__, | / / / /
 =========|_|==============|___/=/_/_/_/

 :: Spring Boot ::                (v4.0.8)

2026-08-30T19:56:56.872-03:00  INFO 27656 --- [CarteiraInvestimento] [           main] c.e.c.CarteiraInvestimentoApplication    : Starting CarteiraInvestimentoApplication using Java 21.0.12.1 with PID 27656 (C:\Users\jhona\Desktop\CarteiraInvestimento\build\classes\java\main started by jhona in C:\Users\jhona\Desktop\CarteiraInvestimento)
2026-08-30T19:56:56.877-03:00  INFO 27656 --- [CarteiraInvestimento] [           main] c.e.c.CarteiraInvestimentoApplication    : No active profile set, falling back to 1 default profile: "dev"
2026-08-30T19:56:58.382-03:00  INFO 27656 --- [CarteiraInvestimento] [           main] .s.d.r.c.RepositoryConfigurationDelegate : Bootstrapping Spring Data JPA repositories in DEFAULT mode.
2026-08-30T19:56:58.503-03:00  INFO 27656 --- [CarteiraInvestimento] [           main] .s.d.r.c.RepositoryConfigurationDelegate : Finished Spring Data repository scanning in 100 ms. Found 5 JPA repository interfaces.
2026-08-30T19:56:59.302-03:00  INFO 27656 --- [CarteiraInvestimento] [           main] o.s.boot.tomcat.TomcatWebServer          : Tomcat initialized with port 8081 (http)
2026-08-30T19:56:59.320-03:00  INFO 27656 --- [CarteiraInvestimento] [           main] o.apache.catalina.core.StandardService   : Starting service [Tomcat]
2026-08-30T19:56:59.320-03:00  INFO 27656 --- [CarteiraInvestimento] [           main] o.apache.catalina.core.StandardEngine    : Starting Servlet engine: [Apache Tomcat/11.0.24]
2026-08-30T19:56:59.429-03:00  INFO 27656 --- [CarteiraInvestimento] [           main] b.w.c.s.WebApplicationContextInitializer : Root WebApplicationContext: initialization completed in 2459 ms
2026-08-30T19:56:59.636-03:00  INFO 27656 --- [CarteiraInvestimento] [           main] org.hibernate.orm.jpa                    : HHH008540: Processing PersistenceUnitInfo [name: default]
2026-08-30T19:56:59.710-03:00  INFO 27656 --- [CarteiraInvestimento] [           main] org.hibernate.orm.core                   : HHH000001: Hibernate ORM core version 7.2.24.Final
2026-08-30T19:57:00.296-03:00  INFO 27656 --- [CarteiraInvestimento] [           main] o.s.o.j.p.SpringPersistenceUnitInfo      : No LoadTimeWeaver setup: ignoring JPA class transformer
2026-08-30T19:57:00.330-03:00  INFO 27656 --- [CarteiraInvestimento] [           main] com.zaxxer.hikari.HikariDataSource       : HikariPool-1 - Starting...
2026-08-30T19:57:00.462-03:00  INFO 27656 --- [CarteiraInvestimento] [           main] com.zaxxer.hikari.pool.HikariPool        : HikariPool-1 - Added connection conn0: url=jdbc:h2:mem:carteira-investimentos user=SA
2026-08-30T19:57:00.464-03:00  INFO 27656 --- [CarteiraInvestimento] [           main] com.zaxxer.hikari.HikariDataSource       : HikariPool-1 - Start completed.
2026-08-30T19:57:00.513-03:00  INFO 27656 --- [CarteiraInvestimento] [           main] org.hibernate.orm.connections.pooling    : HHH10001005: Database info:
	Database JDBC URL [jdbc:h2:mem:carteira-investimentos]
	Database driver: H2 JDBC Driver
	Database dialect: H2Dialect
	Database version: 2.4.240
	Default catalog/schema: CARTEIRA-INVESTIMENTOS/PUBLIC
	Autocommit mode: undefined/unknown
	Isolation level: READ_COMMITTED [default READ_COMMITTED]
	JDBC fetch size: 100
	Pool: DataSourceConnectionProvider
	Minimum pool size: undefined/unknown
	Maximum pool size: undefined/unknown
2026-08-30T19:57:01.393-03:00  INFO 27656 --- [CarteiraInvestimento] [           main] org.hibernate.orm.core                   : HHH000489: No JTA platform available (set 'hibernate.transaction.jta.platform' to enable JTA platform integration)
2026-08-30T19:57:01.455-03:00  INFO 27656 --- [CarteiraInvestimento] [           main] j.LocalContainerEntityManagerFactoryBean : Initialized JPA EntityManagerFactory for persistence unit 'default'
2026-08-30T19:57:01.506-03:00  INFO 27656 --- [CarteiraInvestimento] [           main] o.s.d.j.r.query.QueryEnhancerFactories   : Hibernate is in classpath; If applicable, HQL parser will be used.
2026-08-30T19:57:01.867-03:00  WARN 27656 --- [CarteiraInvestimento] [           main] JpaBaseConfiguration$JpaWebConfiguration : spring.jpa.open-in-view is enabled by default. Therefore, database queries may be performed during view rendering. Explicitly configure spring.jpa.open-in-view to disable this warning
2026-08-30T19:57:02.120-03:00  INFO 27656 --- [CarteiraInvestimento] [           main] o.s.b.h.a.H2ConsoleAutoConfiguration     : H2 console available at '/h2-console'. Database available at 'jdbc:h2:mem:carteira-investimentos'
2026-08-30T19:57:02.155-03:00  WARN 27656 --- [CarteiraInvestimento] [           main] ConfigServletWebServerApplicationContext : Exception encountered during context initialization - cancelling refresh attempt: org.springframework.context.ApplicationContextException: Failed to start bean 'webServerStartStop'
2026-08-30T19:57:02.156-03:00  INFO 27656 --- [CarteiraInvestimento] [           main] j.LocalContainerEntityManagerFactoryBean : Closing JPA EntityManagerFactory for persistence unit 'default'
2026-08-30T19:57:02.157-03:00  INFO 27656 --- [CarteiraInvestimento] [           main] com.zaxxer.hikari.HikariDataSource       : HikariPool-1 - Shutdown initiated...
2026-08-30T19:57:02.158-03:00  INFO 27656 --- [CarteiraInvestimento] [           main] com.zaxxer.hikari.HikariDataSource       : HikariPool-1 - Shutdown completed.
2026-08-30T19:57:02.164-03:00  INFO 27656 --- [CarteiraInvestimento] [           main] .s.b.a.l.ConditionEvaluationReportLogger : 

Error starting ApplicationContext. To display the condition evaluation report re-run your application with 'debug' enabled.
2026-08-30T19:57:02.174-03:00 ERROR 27656 --- [CarteiraInvestimento] [           main] o.s.b.d.LoggingFailureAnalysisReporter   : 

***************************
APPLICATION FAILED TO START
***************************

Description:

Web server failed to start. Port 8081 was already in use.

Action:

Identify and stop the process that's listening on port 8081 or configure this application to listen on another port.


> Task :bootRun FAILED
4 actionable tasks: 2 executed, 2 up-to-date
